#vm: rhel9 on vm player with RH dev subscription
* Check Vedor's official page for the lastest installations
https://docs.influxdata.com/influxdb/v2/install/?t=Linux
https://grafana.com/grafana/download?pg=get&platform=linux&plcmt=selfmanaged-box1-cta1

Concept:
Monitor systems ==> with telegraf which collects the data and push the data to time-series database influxDB <== which Grafana reads the data from InfluxDB and using Flux query it displays the results on Dashboard



step1#Install telegrapf

cat <<EOF | sudo tee /etc/yum.repos.d/influxdata.repo
[influxdata]
name = InfluxData Repository - Stable
baseurl = https://repos.influxdata.com/stable/$basearch/main
enabled = 1
gpgcheck = 1
gpgkey = file:///etc/pki/rpm-gpg/RPM-GPG-KEY-influxdata

#yum install telegraf

default config fil location ==> /etc/telegraf/telegraf.conf


#firewall-cmd --add-port=8086/tcp --permanent   ==> for influxdb
#firewall-cmd --add-port=3000/tcp --permanent  ==> for Grafana
#firewall-cmd --reload


----------------------------------------------------------------------------------------------------------------------------------------------------------------------------------

step2 #Install influxdb
[root@master-pagolu-net yum.repos.d]# yum install influxdb2
Updating Subscription Management repositories.
InfluxData Repository - Stable                                                                                                                                                                               315  B/s | 366  B     00:01
Errors during downloading metadata for repository 'influxdata':
  - Status code: 404 for https://repos.influxdata.com/stable/main/repodata/repomd.xml (IP: 3.164.85.119)
Error: Failed to download metadata for repo 'influxdata': Cannot download repomd.xml: Cannot download repodata/repomd.xml: All mirrors were tried
[root@master-pagolu-net yum.repos.d]# vi influxdata.repo
[root@master-pagolu-net yum.repos.d]#
[root@master-pagolu-net yum.repos.d]# yum install influxdb2
Updating Subscription Management repositories.
InfluxData Repository - Stable                                                                                                                                                                               4.7 kB/s | 3.0 kB     00:00
Dependencies resolved.
=============================================================================================================================================================================================================================================
 Package                                                   Architecture                                           Version                                                   Repository                                                  Size
=============================================================================================================================================================================================================================================
Installing:
 influxdb2                                                 x86_64                                                 2.7.11-1                                                  influxdata                                                  47 M

Transaction Summary
=============================================================================================================================================================================================================================================
Install  1 Package

Total download size: 47 M
Installed size: 116 M
Is this ok [y/N]: y
Downloading Packages:
influxdb2-2.7.11-1.x86_64.rpm                                                                                                                                                                                4.8 MB/s |  47 MB     00:09
---------------------------------------------------------------------------------------------------------------------------------------------------------------------------------------------------------------------------------------------
Total                                                                                                                                                                                                        4.8 MB/s |  47 MB     00:09
Running transaction check
Transaction check succeeded.
Running transaction test
Transaction test succeeded.
Running transaction
  Preparing        :                                                                                                                                                                                                                     1/1
  Running scriptlet: influxdb2-2.7.11-1.x86_64                                                                                                                                                                                           1/1
  Installing       : influxdb2-2.7.11-1.x86_64                                                                                                                                                                                           1/1
  Running scriptlet: influxdb2-2.7.11-1.x86_64                                                                                                                                                                                           1/1
Created symlink /etc/systemd/system/influxd.service → /usr/lib/systemd/system/influxdb.service.
Created symlink /etc/systemd/system/multi-user.target.wants/influxdb.service → /usr/lib/systemd/system/influxdb.service.

  Verifying        : influxdb2-2.7.11-1.x86_64                                                                                                                                                                                           1/1
Installed products updated.

Installed:
  influxdb2-2.7.11-1.x86_64

Complete!
[root@master-pagolu-net yum.repos.d]# systemctl status influxdb.service
○ influxdb.service - InfluxDB is an open-source, distributed, time series database
     Loaded: loaded (/usr/lib/systemd/system/influxdb.service; enabled; preset: disabled)
     Active: inactive (dead)
       Docs: https://docs.influxdata.com/influxdb/
[root@master-pagolu-net yum.repos.d]# systemctl start influxdb.service
[root@master-pagolu-net yum.repos.d]# systemctl status influxdb.service
● influxdb.service - InfluxDB is an open-source, distributed, time series database
     Loaded: loaded (/usr/lib/systemd/system/influxdb.service; enabled; preset: disabled)
     Active: active (running) since Fri 2025-03-07 12:35:51 IST; 1s ago
       Docs: https://docs.influxdata.com/influxdb/
    Process: 36190 ExecStart=/usr/lib/influxdb/scripts/influxd-systemd-start.sh (code=exited, status=0/SUCCESS)
   Main PID: 36191 (influxd)
      Tasks: 9 (limit: 17187)
     Memory: 58.9M
        CPU: 1.227s
     CGroup: /system.slice/influxdb.service
             └─36191 /usr/bin/influxd

Mar 07 12:35:51 master-pagolu-net influxd-systemd-start.sh[36191]: ts=2025-03-07T07:05:51.111089Z lvl=info msg="Open store (end)" log_id=0v7rdR~0000 service=storage-engine service=store op_name=tsdb_open op_event=end op_elapsed=0.055ms
Mar 07 12:35:51 master-pagolu-net influxd-systemd-start.sh[36191]: ts=2025-03-07T07:05:51.111180Z lvl=info msg="Starting retention policy enforcement service" log_id=0v7rdR~0000 service=retention check_interval=30m
Mar 07 12:35:51 master-pagolu-net influxd-systemd-start.sh[36191]: ts=2025-03-07T07:05:51.111381Z lvl=info msg="Starting precreation service" log_id=0v7rdR~0000 service=shard-precreation check_interval=10m advance_period=30m
Mar 07 12:35:51 master-pagolu-net influxd-systemd-start.sh[36191]: ts=2025-03-07T07:05:51.113825Z lvl=info msg="Starting query controller" log_id=0v7rdR~0000 service=storage-reads concurrency_quota=1024 initial_memory_bytes_quota_per_qu>
Mar 07 12:35:51 master-pagolu-net influxd-systemd-start.sh[36191]: ts=2025-03-07T07:05:51.116807Z lvl=info msg="Configuring InfluxQL statement executor (zeros indicate unlimited)." log_id=0v7rdR~0000 max_select_point=0 max_select_series>
Mar 07 12:35:51 master-pagolu-net influxd-systemd-start.sh[36191]: ts=2025-03-07T07:05:51.126455Z lvl=info msg=Starting log_id=0v7rdR~0000 service=telemetry interval=8h
Mar 07 12:35:51 master-pagolu-net influxd-systemd-start.sh[36191]: ts=2025-03-07T07:05:51.130769Z lvl=info msg=Listening log_id=0v7rdR~0000 service=tcp-listener transport=http addr=:8086 port=8086
Mar 07 12:35:51 master-pagolu-net influxd-systemd-start.sh[36220]: Command "print-config" is deprecated, use the influx-cli command server-config to display the configuration values from the running server
Mar 07 12:35:51 master-pagolu-net influxd-systemd-start.sh[36190]: InfluxDB started
Mar 07 12:35:51 master-pagolu-net systemd[1]: Started InfluxDB is an open-source, distributed, time series database.
[root@master-pagolu-net yum.repos.d]#
[root@master-pagolu-net yum.repos.d]#
[root@master-pagolu-net yum.repos.d]#

From Browser::
http://192.168.140.129:8086/
create user and pwd
Upload Icon --> Sources ==> Telegraf ==> create config ==> select bucket ==>  systems ==> fill "Name & desc " ==> save & test ==> This step test your configuration "Start telegraf and ensure the data is being written to influxdb"
1. Install the Latest Telegraf
2. Configure your API Token
Your API token is required for pushing data into InfluxDB. You can copy the following command to your terminal window to set an environment variable with your API token.
export INFLUX_TOKEN=KbXoZbOl47xxxxxxxxxxxxxxxxxxxxxxxxxxxxxxxxxxxxxxxx

3. Start Telegraf
Finally, you can run the following command to start the Telegraf agent running on your machine.
telegraf --config http://192.168.140.129:8086/api/v2/telegrafs/0e88xxxxxxxxxxxxxxxx
==> Can see errors when we start telegraf if there are errors in telegraf config

can see the config file that loads on telegraf instance
Can validate "Data Explorer" by testing metrics mentioned in telegraph config

----------------------------------------------------------------------------------------------------------------------------------------------------------------------------------

step3.Install grafana
[root@master-pagolu-net ~]# yum install -y https://dl.grafana.com/enterprise/release/grafana-enterprise-11.5.2-1.x86_64.rpm
Updating Subscription Management repositories.
Last metadata expiration check: 0:37:37 ago on Fri 07 Mar 2025 12:32:23 PM IST.
grafana-enterprise-11.5.2-1.x86_64.rpm                                                                                                                                                                       5.5 MB/s | 139 MB     00:25
Dependencies resolved.
=============================================================================================================================================================================================================================================
 Package                                                         Architecture                                        Version                                                 Repository                                                 Size
=============================================================================================================================================================================================================================================
Installing:
 grafana-enterprise                                              x86_64                                              11.5.2-1                                                @commandline                                              139 M

Transaction Summary
=============================================================================================================================================================================================================================================
Install  1 Package

Total size: 139 M
Installed size: 527 M
Downloading Packages:
Running transaction check
Transaction check succeeded.
Running transaction test
Transaction test succeeded.
Running transaction
  Preparing        :                                                                                                                                                                                                                     1/1
  Installing       : grafana-enterprise-11.5.2-1.x86_64                                                                                                                                                                                  1/1
  Running scriptlet: grafana-enterprise-11.5.2-1.x86_64                                                                                                                                                                                  1/1
....
### NOT starting on installation, please execute the following statements to configure grafana to start automatically using systemd
 sudo /bin/systemctl daemon-reload
 sudo /bin/systemctl enable grafana-server.service
### You can start grafana-server by executing
 sudo /bin/systemctl start grafana-server.service

POSTTRANS: Running script

  Verifying        : grafana-enterprise-11.5.2-1.x86_64                                                                                                                                                                                  1/1
Installed products updated.

Installed:
  grafana-enterprise-11.5.2-1.x86_64

Complete!
[root@master-pagolu-net ~]# /bin/systemctl daemon-reload
[root@master-pagolu-net ~]# /bin/systemctl enable grafana-server.service
Created symlink /etc/systemd/system/multi-user.target.wants/grafana-server.service → /usr/lib/systemd/system/grafana-server.service.
[root@master-pagolu-net ~]# /bin/systemctl start grafana-server.service
[root@master-pagolu-net ~]# /bin/systemctl status grafana-server.service
● grafana-server.service - Grafana instance
     Loaded: loaded (/usr/lib/systemd/system/grafana-server.service; enabled; preset: disabled)
     Active: active (running) since Fri 2025-03-07 13:14:53 IST; 13s ago
       Docs: http://docs.grafana.org
   Main PID: 36576 (grafana)
      Tasks: 18 (limit: 17187)
     Memory: 247.2M
        CPU: 8.494s
     CGroup: /system.slice/grafana-server.service
             └─36576 /usr/share/grafana/bin/grafana server --config=/etc/grafana/grafana.ini --pidfile=/var/run/grafana/grafana-server.pid --packaging=rpm cfg:default.paths.logs=/var/log/grafana cfg:default.paths.data=/var/lib/grafana c>

Mar 07 13:14:54 master-pagolu-net grafana[36576]: logger=app-registry t=2025-03-07T13:14:54.393951733+05:30 level=info msg="app registry initialized"
Mar 07 13:14:56 master-pagolu-net grafana[36576]: logger=plugin.installer t=2025-03-07T13:14:56.135964033+05:30 level=info msg="Installing plugin" pluginId=grafana-lokiexplore-app version=
Mar 07 13:14:56 master-pagolu-net grafana[36576]: logger=installer.fs t=2025-03-07T13:14:56.32485788+05:30 level=info msg="Downloaded and extracted grafana-lokiexplore-app v1.0.8 zip successfully to /var/lib/grafana/plugins/grafana-loki>
Mar 07 13:14:56 master-pagolu-net grafana[36576]: logger=plugins.registration t=2025-03-07T13:14:56.415299786+05:30 level=info msg="Plugin registered" pluginId=grafana-lokiexplore-app
Mar 07 13:14:56 master-pagolu-net grafana[36576]: logger=plugin.backgroundinstaller t=2025-03-07T13:14:56.415878772+05:30 level=info msg="Plugin successfully installed" pluginId=grafana-lokiexplore-app version= duration=2.778949937s
Mar 07 13:14:56 master-pagolu-net grafana[36576]: logger=plugin.backgroundinstaller t=2025-03-07T13:14:56.415977645+05:30 level=info msg="Installing plugin" pluginId=grafana-pyroscope-app version=
Mar 07 13:14:57 master-pagolu-net grafana[36576]: logger=plugin.installer t=2025-03-07T13:14:57.37251756+05:30 level=info msg="Installing plugin" pluginId=grafana-pyroscope-app version=
Mar 07 13:14:57 master-pagolu-net grafana[36576]: logger=installer.fs t=2025-03-07T13:14:57.51820543+05:30 level=info msg="Downloaded and extracted grafana-pyroscope-app v1.1.0 zip successfully to /var/lib/grafana/plugins/grafana-pyrosc>
Mar 07 13:14:57 master-pagolu-net grafana[36576]: logger=plugins.registration t=2025-03-07T13:14:57.620687888+05:30 level=info msg="Plugin registered" pluginId=grafana-pyroscope-app
Mar 07 13:14:57 master-pagolu-net grafana[36576]: logger=plugin.backgroundinstaller t=2025-03-07T13:14:57.620920978+05:30 level=info msg="Plugin successfully installed" pluginId=grafana-pyroscope-app version= duration=1.204886313s
[root@master-pagolu-net ~]#

Browser ==> http://192.168.140.129:3000
default creds ==> user:admin ==> pwd ==> admin
Grafana HomePage ==> Connections ==> Data sources ==> Add new data sources ==> influxdb ==> 
Query language: Flux
HTTP:
URL: http://192.168.140.129:8086

InfluxDB Details
Organization: 
Token: <genrate during user account creation .. first time...>
Default Bucket: niks
==> Save & Test        << It validates configurations that require to talk to influxdb >>

On Success
==> Dashboards ==> Add Visualization ==> Select Datasource as "influxDB" ==> Enter the Flux query according to requirement"


[root@master-pagolu-net ~]# rpm -qa --last | egrep "(influx|telegraf|grafana)"
grafana-enterprise-11.5.2-1.x86_64            Fri 07 Mar 2025 01:11:09 PM IST
influxdb2-2.7.11-1.x86_64                     Fri 07 Mar 2025 12:32:42 PM IST
telegraf-1.33.3-1.x86_64                      Fri 07 Mar 2025 10:53:30 AM IST
[root@master-pagolu-net ~]#
